-47
35
35
-17
[+][+][+][-][+]
-67
24
24
6
-88
-95
[+][+][+][+][-][-]
6
[+][+][+][+][+][-]
[+][+][+][+][+][-]
[+][+][+][+][+][-]
9
90
[+][+][+][+][+][+][-][-][-][-][-][-][-][-][-][-][-][-][-][-][-][+][+][+]
