[-][-][-]
0
2
2
[+][-][+]
[+][-][+]
58.7156
[-][-][+]
1
[+][+][+][-][-][-][-][-][-]
[+][+][+][-][-][-][-][-][-]
9
-47.19
-47.19
-9.65565
7.59788
41.4195
[+][+][+]
5
9
2.63227
9
-69.8715
-69.8715
[+][+][+][+][-][-][-][+][+]
9
44.2594
7
6
2.63227
4
[+][+][+][+][-][-][-][-][-]
9
4
[+][+][+][+][+][-][-][+][+]
[+][+][+][+][+][-][-][+][+]
9
-95.6669
8
