cyclic_double_queue is empty!
cyclic_double_queue is empty!
cyclic_double_queue is empty!
2
38
38
75
[-][+]
[+][+]
42
[+][+][+][+][+][+][+][+][-][-][-][-][-][-][-][-]
8
-98
9
89
24
[+][+][+][+][+][+][-][-][-][-][-][-][-][-][-][-]
16
16
-57
