[-][-][-][-][-][-][-][-][-][-]
-50
[+][+][+][+][+][-][-][-][-][+]
[+][+][+][+][+][+][-][-][-][+]
67
[+][+][+][+][+][+][+][+][+][-][-][-][-][-][-][-][-][-][-][-][-][-][-][-][-][-][-][-][-][-][-][-][-][-][-][-][-][-][-][+]
-16
9
[+][+][+][+][+][+][+][+][-][-][-][-][-][-][-][-][-][-][+][+]
[+][+][+][+][+][+][+][+][+][-][-][-][-][-][-][-][-][-][+][+]
[+][+][+][+][+][+][+][+][+][-][-][-][-][-][-][-][-][-][-][+]
20
43
[+][+][+][+][+][+][+][-][-][-][-][-][-][-][-][-][-][-][-][+]
[+][+][+][+][+][+][+][-][-][-][-][-][-][-][-][-][-][-][-][+]
-39
20
10
66
-18
[+][+][+][+][+][+][+][+][+][+][+][-][-][-][-][-][-][-][+][+]
-76
66
[+][+][+][+][+][+][+][+][+][+][-][-][-][-][-][-][-][-][+][+]
-72
[+][+][+][+][+][+][+][+][+][+][-][-][-][-][-][-][-][-][-][+]
-19
20
-2
20
20
22
20
20
13
-87
[+][+][+][+][+][+][+][+][+][+][+][+][-][-][-][-][-][-][-][-]
93
12
[+][+][+][+][+][+][+][+][+][+][+][+][+][+][-][-][-][-][-][-]
20
97
-46
90
-22
[+][+][+][+][+][+][+][+][+][+][+][+][-][-][-][-][-][-][-][-]
-47
[-][-][+][+][+][+][+][+][+][+][+][+][+][+][+][+][-][-][-][-]
15
15
97
[-][-][-][+][+][+][+][+][+][+][+][+][+][+][+][+][+][-][-][-]
-32
-7
1
1
-18
cyclic_double_queue is empty!
10
[-][-][-][-][-][-][-][-][+][-]
8
